<html>
<body>
<pre>
<h1>µVision Build Log</h1>
<h2>Project:</h2>
C:\Users\matik\Desktop\cosnowego\automaty\gitautomaty.uvproj
Project File Date:  06/09/2026

<h2>Output:</h2>
Build target 'Target 1'
assembling Startup.s...
compiling keyboard.c...
compiling led.c...
compiling main.c...
linking...
Program Size: Code=1320 RO-data=32 RW-data=4 ZI-data=1260  
".\gitautomaty.axf" - 0 Errors, 0 Warning(s).
Build target 'Target 1'
compiling keyboard.c...
compiling led.c...
compiling main.c...
linking...
Program Size: Code=1180 RO-data=32 RW-data=4 ZI-data=1260  
".\gitautomaty.axf" - 0 Errors, 0 Warning(s).
Clean started: Project: 'gitautomaty'
   deleting intermediate output files for target 'Target 1'
Build target 'Target 1'
assembling Startup.s...
compiling keyboard.c...
compiling led.c...
compiling main.c...
linking...
Program Size: Code=1180 RO-data=32 RW-data=4 ZI-data=1260  
".\gitautomaty.axf" - 0 Errors, 0 Warning(s).
Build target 'Target 1'
compiling main.c...
linking...
Program Size: Code=1180 RO-data=32 RW-data=4 ZI-data=1260  
".\gitautomaty.axf" - 0 Errors, 0 Warning(s).
